#f
#t
:0:2: Runtime error:
    not expected an boolean? in position 1 but a 1 was given
    In program: (not 1)
:0:3: Runtime error:
    not expected an boolean? in position 1 but a 0 was given
    In program: (not 0)
:0:4: Runtime error:
    not expected an boolean? in position 1 but a 2 was given
    In program: (not 2)
#t
#t
#f
#f
#f
