:1:0: Runtime error:
    string-length expected an string? in position 1 but a [object Object] was given
    In program: (string-length (list 1 2 3))
:1:2: Runtime error:
    + expected an number? in position 4 but a bye was given
    In program: (+ 1 2 3 "bye")
:-1:-1: Runtime error:
    char-upcase expected an char? in position 1 but a h was given
    In program: ([object Function] "h")
